------------------------------------------------------------
Timing Analyzer Summary
------------------------------------------------------------

Type  : Slow 1200mV 85C Model Setup 'clk'
Slack : -6.996
TNS   : -3876.733

Type  : Slow 1200mV 85C Model Hold 'clk'
Slack : 0.321
TNS   : 0.000

Type  : Slow 1200mV 85C Model Recovery 'clk'
Slack : -0.938
TNS   : -45.116

Type  : Slow 1200mV 85C Model Removal 'clk'
Slack : 1.188
TNS   : 0.000

Type  : Slow 1200mV 85C Model Minimum Pulse Width 'clk'
Slack : -3.000
TNS   : -1073.370

Type  : Slow 1200mV 0C Model Setup 'clk'
Slack : -6.287
TNS   : -3386.716

Type  : Slow 1200mV 0C Model Hold 'clk'
Slack : 0.297
TNS   : 0.000

Type  : Slow 1200mV 0C Model Recovery 'clk'
Slack : -0.757
TNS   : -35.565

Type  : Slow 1200mV 0C Model Removal 'clk'
Slack : 1.066
TNS   : 0.000

Type  : Slow 1200mV 0C Model Minimum Pulse Width 'clk'
Slack : -3.000
TNS   : -1073.310

Type  : Fast 1200mV 0C Model Setup 'clk'
Slack : -3.510
TNS   : -1803.300

Type  : Fast 1200mV 0C Model Hold 'clk'
Slack : 0.145
TNS   : 0.000

Type  : Fast 1200mV 0C Model Recovery 'clk'
Slack : -0.089
TNS   : -2.018

Type  : Fast 1200mV 0C Model Removal 'clk'
Slack : 0.675
TNS   : 0.000

Type  : Fast 1200mV 0C Model Minimum Pulse Width 'clk'
Slack : -3.000
TNS   : -1293.525

------------------------------------------------------------
